{
  "summary": [
    {
      "stage": 1,
      "n_paths": 2,
      "original": {
        "face": {
          "mae": 0.017203431576490402,
          "ssim": 0.90109783411026,
          "lpips": 0.02024967595934868
        },
        "skin": {
          "mae": 0.015848999597570475,
          "ssim": 0.849670480427974,
          "highpass_mae": 0.011820901494801922
        }
      },
      "previous_face": {
        "mae": 0.017203431576490402,
        "ssim": 0.90109783411026,
        "lpips": 0.02024967595934868
      }
    },
    {
      "stage": 2,
      "n_paths": 2,
      "original": {
        "face": {
          "mae": 0.02768175583332777,
          "ssim": 0.8443203568458557,
          "lpips": 0.04124539718031883
        },
        "skin": {
          "mae": 0.02259313737097032,
          "ssim": 0.8157972315884834,
          "highpass_mae": 0.013132120946093517
        }
      },
      "previous_face": {
        "mae": 0.016253618989139795,
        "ssim": 0.9321531057357788,
        "lpips": 0.01763257570564747
      }
    },
    {
      "stage": 3,
      "n_paths": 2,
      "original": {
        "face": {
          "mae": 0.036392029374837875,
          "ssim": 0.8067598342895508,
          "lpips": 0.06273751705884933
        },
        "skin": {
          "mae": 0.028937908362816362,
          "ssim": 0.791712558297572,
          "highpass_mae": 0.013836551499826943
        }
      },
      "previous_face": {
        "mae": 0.015470095444470644,
        "ssim": 0.9484391212463379,
        "lpips": 0.01561622740700841
      }
    },
    {
      "stage": 4,
      "n_paths": 2,
      "original": {
        "face": {
          "mae": 0.038287315517663956,
          "ssim": 0.794083297252655,
          "lpips": 0.07495991513133049
        },
        "skin": {
          "mae": 0.03037024254527162,
          "ssim": 0.7875568982289762,
          "highpass_mae": 0.013404484420247813
        }
      },
      "previous_face": {
        "mae": 0.01808054419234395,
        "ssim": 0.9022490084171295,
        "lpips": 0.023535764776170254
      }
    },
    {
      "stage": 5,
      "n_paths": 2,
      "original": {
        "face": {
          "mae": 0.04177651181817055,
          "ssim": 0.7789105772972107,
          "lpips": 0.09119418263435364
        },
        "skin": {
          "mae": 0.033045655139448016,
          "ssim": 0.7775150527665904,
          "highpass_mae": 0.013564680259784355
        }
      },
      "previous_face": {
        "mae": 0.01255083316937089,
        "ssim": 0.9591371119022369,
        "lpips": 0.01335073122754693
      }
    },
    {
      "stage": 6,
      "n_paths": 2,
      "original": {
        "face": {
          "mae": 0.04590597376227379,
          "ssim": 0.7546095848083496,
          "lpips": 0.10624854639172554
        },
        "skin": {
          "mae": 0.03684621288934174,
          "ssim": 0.7597498189616989,
          "highpass_mae": 0.014002399906954344
        }
      },
      "previous_face": {
        "mae": 0.013049869798123837,
        "ssim": 0.9410973489284515,
        "lpips": 0.014695919584482908
      }
    }
  ],
  "monotonicity": {
    "1": {
      "mae": true,
      "ssim": false,
      "lpips": true
    },
    "2": {
      "mae": true,
      "ssim": true,
      "lpips": true
    }
  }
}
