{
  "passed": true,
  "studies": {
    "edit-order-v1": {
      "outputs": 38,
      "protocol_file_predates_first_call": true,
      "results_sha256": "afb31ad1a1487b3db1961aaad591bbccff33f8881de640b67c6c8098036b5fe4",
      "verification_sha256": "f14bf7c15514052fc69c03fcde9bf67ce3d94486eafc56c78f263014db691c1b",
      "lpips_state_dict_sha256": "dcac8b0995e729ecc254c2af1e343a61a512ebbac89acebaa0d2d43512f221b9",
      "fixed_skin_pairs_recomputed": 228
    },
    "edit-replication-v1": {
      "outputs": 16,
      "protocol_file_predates_first_call": true,
      "results_sha256": "a059359829ec9e355f510f31812d463643c44d315aecec4caa00d5515c8ac990",
      "verification_sha256": "03225e9d36a533bef1f18b13dad1f1998d94b967f9ef2d00452ffd70ab179cf7",
      "lpips_state_dict_sha256": "dcac8b0995e729ecc254c2af1e343a61a512ebbac89acebaa0d2d43512f221b9",
      "fixed_skin_pairs_recomputed": 96
    },
    "edit-factors-v1": {
      "outputs": 24,
      "protocol_file_predates_first_call": true,
      "results_sha256": "a5c3a40ccba5576b76749d62b84052e00e613555e099ca9505de1a1dd9046648",
      "verification_sha256": "983c8d4605d52adb9a45118d3ea41a95ba75e24ed4ef5f982e847fe2258cde9e",
      "lpips_state_dict_sha256": "dcac8b0995e729ecc254c2af1e343a61a512ebbac89acebaa0d2d43512f221b9",
      "fixed_skin_pairs_recomputed": 144
    },
    "nochange-extension-v1": {
      "outputs": 6,
      "protocol_file_predates_first_call": true,
      "results_sha256": "86a9fae1f9d0212b7b83f68afcb1198960671e6c4366567195ff66a36fc7fa35",
      "verification_sha256": "856524adc5ac3719490fa89c63c0a1756ba703d8a42b84da812392c58805973b",
      "lpips_state_dict_sha256": "dcac8b0995e729ecc254c2af1e343a61a512ebbac89acebaa0d2d43512f221b9",
      "fixed_skin_pairs_recomputed": 36
    }
  },
  "new_outputs_this_campaign": 84,
  "unique_pixels_this_campaign": 84,
  "including_prior_14_unique_outputs": 98,
  "duplicate_pixel_groups": [],
  "independent_skin_region_pairs": 504,
  "skin_max_absolute_error": {
    "mae": 8.452114438894931e-09,
    "ssim": 0.0
  },
  "human_or_independent_agent_labels_added": 0,
  "note": "Protocol mtime is a local provenance check, not external preregistration."
}
